%!Adobe-FontList 1.11
%Locale:0x409

%BeginFont
Handler:DirectoryHandler
FontType:Invalid
OutlineFileName:C:\wamp\www\www sb\Font\f_0.gif
FileModTime:1138838604
%EndFont

%BeginFont
Handler:DirectoryHandler
FontType:Invalid
OutlineFileName:C:\wamp\www\www sb\Font\f_1.gif
FileModTime:1138838454
%EndFont

%BeginFont
Handler:DirectoryHandler
FontType:Invalid
OutlineFileName:C:\wamp\www\www sb\Font\f_2.gif
FileModTime:1138838482
%EndFont

%BeginFont
Handler:DirectoryHandler
FontType:Invalid
OutlineFileName:C:\wamp\www\www sb\Font\f_3.gif
FileModTime:1138838500
%EndFont

%BeginFont
Handler:DirectoryHandler
FontType:Invalid
OutlineFileName:C:\wamp\www\www sb\Font\f_4.gif
FileModTime:1138838512
%EndFont

%BeginFont
Handler:DirectoryHandler
FontType:Invalid
OutlineFileName:C:\wamp\www\www sb\Font\f_5.gif
FileModTime:1138838524
%EndFont

%BeginFont
Handler:DirectoryHandler
FontType:Invalid
OutlineFileName:C:\wamp\www\www sb\Font\f_6 .gif
FileModTime:1202409956
%EndFont

%BeginFont
Handler:DirectoryHandler
FontType:Invalid
OutlineFileName:C:\wamp\www\www sb\Font\f_6.gif
FileModTime:1138838538
%EndFont

%BeginFont
Handler:DirectoryHandler
FontType:Invalid
OutlineFileName:C:\wamp\www\www sb\Font\f_7.gif
FileModTime:1138838552
%EndFont

%BeginFont
Handler:DirectoryHandler
FontType:Invalid
OutlineFileName:C:\wamp\www\www sb\Font\f_8 .gif
FileModTime:1202410462
%EndFont

%BeginFont
Handler:DirectoryHandler
FontType:Invalid
OutlineFileName:C:\wamp\www\www sb\Font\f_8.gif
FileModTime:1138838566
%EndFont

%BeginFont
Handler:DirectoryHandler
FontType:Invalid
OutlineFileName:C:\wamp\www\www sb\Font\f_9 .gif
FileModTime:1202410814
%EndFont

%BeginFont
Handler:DirectoryHandler
FontType:Invalid
OutlineFileName:C:\wamp\www\www sb\Font\f_9.gif
FileModTime:1138838592
%EndFont

%BeginFont
Handler:DirectoryHandler
FontType:Invalid
OutlineFileName:C:\wamp\www\www sb\Font\Thumbs.db
FileModTime:1207767746
%EndFont

